// Jest Snapshot v1, https://goo.gl/fbAQLP

exports[`FormInput component renders as expected 1`] = `ShallowWrapper {}`;
