// Jest Snapshot v1, https://goo.gl/fbAQLP

exports[`TransactionSearchForm renders as expected 1`] = `ShallowWrapper {}`;
