// Jest Snapshot v1, https://goo.gl/fbAQLP

exports[`ApRoutes component renders as expected 1`] = `ShallowWrapper {}`;
