// Jest Snapshot v1, https://goo.gl/fbAQLP

exports[`LogInFormPage component renders as expected 1`] = `ShallowWrapper {}`;
