// Jest Snapshot v1, https://goo.gl/fbAQLP

exports[`Transactions should invoke fetchtransactions on componentDidMount 1`] = `ShallowWrapper {}`;
