// Jest Snapshot v1, https://goo.gl/fbAQLP

exports[`TransactionSearchList renders as expected 1`] = `ShallowWrapper {}`;
