// Jest Snapshot v1, https://goo.gl/fbAQLP

exports[`LogInForm component renders as expected 1`] = `ShallowWrapper {}`;
