// Jest Snapshot v1, https://goo.gl/fbAQLP

exports[`Select renders as expected 1`] = `ShallowWrapper {}`;
