// Jest Snapshot v1, https://goo.gl/fbAQLP

exports[`TransactionsListItem component renders as expected 1`] = `ShallowWrapper {}`;
